<?xml version="1.0" encoding="ISO-8859-1" ?>
<link_info>
   <banner>TI ARM Linker PC v20.2.7.LTS</banner>
   <copyright>Copyright (c) 1996-2018 Texas Instruments Incorporated</copyright>
   <link_time>0x669baf01</link_time>
   <link_errors>0x0</link_errors>
   <output_file>Seat_Heater_Control_System.out</output_file>
   <entry_point>
      <name>_c_int00_noargs</name>
      <address>0x5e11</address>
   </entry_point>
   <input_file_list>
      <input_file id="fl-2">
         <path>.\</path>
         <kind>object</kind>
         <file>main.obj</file>
         <name>main.obj</name>
      </input_file>
      <input_file id="fl-3">
         <path>.\</path>
         <kind>object</kind>
         <file>tm4c123gh6pm_startup_ccs.obj</file>
         <name>tm4c123gh6pm_startup_ccs.obj</name>
      </input_file>
      <input_file id="fl-4">
         <path>.\FreeRTOS\Source\</path>
         <kind>object</kind>
         <file>event_groups.obj</file>
         <name>event_groups.obj</name>
      </input_file>
      <input_file id="fl-5">
         <path>.\FreeRTOS\Source\</path>
         <kind>object</kind>
         <file>list.obj</file>
         <name>list.obj</name>
      </input_file>
      <input_file id="fl-6">
         <path>.\FreeRTOS\Source\</path>
         <kind>object</kind>
         <file>queue.obj</file>
         <name>queue.obj</name>
      </input_file>
      <input_file id="fl-7">
         <path>.\FreeRTOS\Source\</path>
         <kind>object</kind>
         <file>tasks.obj</file>
         <name>tasks.obj</name>
      </input_file>
      <input_file id="fl-8">
         <path>.\FreeRTOS\Source\</path>
         <kind>object</kind>
         <file>timers.obj</file>
         <name>timers.obj</name>
      </input_file>
      <input_file id="fl-9">
         <path>.\FreeRTOS\Source\portable\CCS\ARM_CM4F\</path>
         <kind>object</kind>
         <file>port.obj</file>
         <name>port.obj</name>
      </input_file>
      <input_file id="fl-a">
         <path>.\FreeRTOS\Source\portable\CCS\ARM_CM4F\</path>
         <kind>object</kind>
         <file>portasm.obj</file>
         <name>portasm.obj</name>
      </input_file>
      <input_file id="fl-b">
         <path>.\FreeRTOS\Source\portable\MemMang\</path>
         <kind>object</kind>
         <file>heap_1.obj</file>
         <name>heap_1.obj</name>
      </input_file>
      <input_file id="fl-c">
         <path>.\HAL\</path>
         <kind>object</kind>
         <file>potentiometer.obj</file>
         <name>potentiometer.obj</name>
      </input_file>
      <input_file id="fl-d">
         <path>.\MCAL\ADC\</path>
         <kind>object</kind>
         <file>adc.obj</file>
         <name>adc.obj</name>
      </input_file>
      <input_file id="fl-e">
         <path>.\MCAL\GPIO\</path>
         <kind>object</kind>
         <file>gpio.obj</file>
         <name>gpio.obj</name>
      </input_file>
      <input_file id="fl-f">
         <path>.\MCAL\GPTM\</path>
         <kind>object</kind>
         <file>GPTM.obj</file>
         <name>GPTM.obj</name>
      </input_file>
      <input_file id="fl-10">
         <path>.\MCAL\UART\</path>
         <kind>object</kind>
         <file>uart0.obj</file>
         <name>uart0.obj</name>
      </input_file>
      <input_file id="fl-14">
         <kind>object</kind>
         <file>&lt;internal&gt;</file>
         <name>&lt;internal&gt;</name>
      </input_file>
      <input_file id="fl-ca">
         <path>C:\ti\ccs1250\ccs\tools\compiler\ti-cgt-arm_20.2.7.LTS\lib\</path>
         <kind>archive</kind>
         <file>rtsv7M4_T_le_v4SPD16_eabi.lib</file>
         <name>fd_div_t2.asm.obj</name>
      </input_file>
      <input_file id="fl-cb">
         <path>C:\ti\ccs1250\ccs\tools\compiler\ti-cgt-arm_20.2.7.LTS\lib\</path>
         <kind>archive</kind>
         <file>rtsv7M4_T_le_v4SPD16_eabi.lib</file>
         <name>fd_mul_t2.asm.obj</name>
      </input_file>
      <input_file id="fl-cc">
         <path>C:\ti\ccs1250\ccs\tools\compiler\ti-cgt-arm_20.2.7.LTS\lib\</path>
         <kind>archive</kind>
         <file>rtsv7M4_T_le_v4SPD16_eabi.lib</file>
         <name>fd_toi_t2.asm.obj</name>
      </input_file>
      <input_file id="fl-cd">
         <path>C:\ti\ccs1250\ccs\tools\compiler\ti-cgt-arm_20.2.7.LTS\lib\</path>
         <kind>archive</kind>
         <file>rtsv7M4_T_le_v4SPD16_eabi.lib</file>
         <name>memcpy_t2.asm.obj</name>
      </input_file>
      <input_file id="fl-ce">
         <path>C:\ti\ccs1250\ccs\tools\compiler\ti-cgt-arm_20.2.7.LTS\lib\</path>
         <kind>archive</kind>
         <file>rtsv7M4_T_le_v4SPD16_eabi.lib</file>
         <name>u_tofd_t2.asm.obj</name>
      </input_file>
      <input_file id="fl-cf">
         <path>C:\ti\ccs1250\ccs\tools\compiler\ti-cgt-arm_20.2.7.LTS\lib\</path>
         <kind>archive</kind>
         <file>rtsv7M4_T_le_v4SPD16_eabi.lib</file>
         <name>memset_t2.asm.obj</name>
      </input_file>
      <input_file id="fl-d0">
         <path>C:\ti\ccs1250\ccs\tools\compiler\ti-cgt-arm_20.2.7.LTS\lib\</path>
         <kind>archive</kind>
         <file>rtsv7M4_T_le_v4SPD16_eabi.lib</file>
         <name>ll_div_t2.asm.obj</name>
      </input_file>
      <input_file id="fl-d1">
         <path>C:\ti\ccs1250\ccs\tools\compiler\ti-cgt-arm_20.2.7.LTS\lib\</path>
         <kind>archive</kind>
         <file>rtsv7M4_T_le_v4SPD16_eabi.lib</file>
         <name>ull_div_t2.asm.obj</name>
      </input_file>
      <input_file id="fl-d2">
         <path>C:\ti\ccs1250\ccs\tools\compiler\ti-cgt-arm_20.2.7.LTS\lib\</path>
         <kind>archive</kind>
         <file>rtsv7M4_T_le_v4SPD16_eabi.lib</file>
         <name>copy_zero_init.c.obj</name>
      </input_file>
      <input_file id="fl-d3">
         <path>C:\ti\ccs1250\ccs\tools\compiler\ti-cgt-arm_20.2.7.LTS\lib\</path>
         <kind>archive</kind>
         <file>rtsv7M4_T_le_v4SPD16_eabi.lib</file>
         <name>copy_decompress_none.c.obj</name>
      </input_file>
      <input_file id="fl-d4">
         <path>C:\ti\ccs1250\ccs\tools\compiler\ti-cgt-arm_20.2.7.LTS\lib\</path>
         <kind>archive</kind>
         <file>rtsv7M4_T_le_v4SPD16_eabi.lib</file>
         <name>copy_decompress_lzss.c.obj</name>
      </input_file>
      <input_file id="fl-d5">
         <path>C:\ti\ccs1250\ccs\tools\compiler\ti-cgt-arm_20.2.7.LTS\lib\</path>
         <kind>archive</kind>
         <file>rtsv7M4_T_le_v4SPD16_eabi.lib</file>
         <name>boot_cortex_m.c.obj</name>
      </input_file>
      <input_file id="fl-d6">
         <path>C:\ti\ccs1250\ccs\tools\compiler\ti-cgt-arm_20.2.7.LTS\lib\</path>
         <kind>archive</kind>
         <file>rtsv7M4_T_le_v4SPD16_eabi.lib</file>
         <name>div0.asm.obj</name>
      </input_file>
      <input_file id="fl-d7">
         <path>C:\ti\ccs1250\ccs\tools\compiler\ti-cgt-arm_20.2.7.LTS\lib\</path>
         <kind>archive</kind>
         <file>rtsv7M4_T_le_v4SPD16_eabi.lib</file>
         <name>autoinit.c.obj</name>
      </input_file>
      <input_file id="fl-d8">
         <path>C:\ti\ccs1250\ccs\tools\compiler\ti-cgt-arm_20.2.7.LTS\lib\</path>
         <kind>archive</kind>
         <file>rtsv7M4_T_le_v4SPD16_eabi.lib</file>
         <name>pre_init.c.obj</name>
      </input_file>
      <input_file id="fl-d9">
         <path>C:\ti\ccs1250\ccs\tools\compiler\ti-cgt-arm_20.2.7.LTS\lib\</path>
         <kind>archive</kind>
         <file>rtsv7M4_T_le_v4SPD16_eabi.lib</file>
         <name>cpy_tbl.c.obj</name>
      </input_file>
      <input_file id="fl-da">
         <path>C:\ti\ccs1250\ccs\tools\compiler\ti-cgt-arm_20.2.7.LTS\lib\</path>
         <kind>archive</kind>
         <file>rtsv7M4_T_le_v4SPD16_eabi.lib</file>
         <name>exit.c.obj</name>
      </input_file>
      <input_file id="fl-db">
         <path>C:\ti\ccs1250\ccs\tools\compiler\ti-cgt-arm_20.2.7.LTS\lib\</path>
         <kind>archive</kind>
         <file>rtsv7M4_T_le_v4SPD16_eabi.lib</file>
         <name>_lock.c.obj</name>
      </input_file>
      <input_file id="fl-dc">
         <path>C:\ti\ccs1250\ccs\tools\compiler\ti-cgt-arm_20.2.7.LTS\lib\</path>
         <kind>archive</kind>
         <file>rtsv7M4_T_le_v4SPD16_eabi.lib</file>
         <name>args_main.c.obj</name>
      </input_file>
   </input_file_list>
   <object_component_list>
      <object_component id="oc-12">
         <name>.intvecs</name>
         <load_address>0x0</load_address>
         <run_address>0x0</run_address>
         <size>0x26c</size>
         <input_file_ref idref="fl-3"/>
      </object_component>
      <object_component id="oc-85">
         <name>.text</name>
         <load_address>0x26c</load_address>
         <run_address>0x26c</run_address>
         <size>0x1cf0</size>
         <input_file_ref idref="fl-7"/>
      </object_component>
      <object_component id="oc-a0">
         <name>.text</name>
         <load_address>0x1f5c</load_address>
         <run_address>0x1f5c</run_address>
         <size>0x10d2</size>
         <input_file_ref idref="fl-6"/>
      </object_component>
      <object_component id="oc-252">
         <name>.text</name>
         <load_address>0x302e</load_address>
         <run_address>0x302e</run_address>
         <size>0x2</size>
         <input_file_ref idref="fl-d6"/>
      </object_component>
      <object_component id="oc-38">
         <name>.text</name>
         <load_address>0x3030</load_address>
         <run_address>0x3030</run_address>
         <size>0xd3c</size>
         <input_file_ref idref="fl-2"/>
      </object_component>
      <object_component id="oc-dc">
         <name>.text</name>
         <load_address>0x3d6c</load_address>
         <run_address>0x3d6c</run_address>
         <size>0x7bc</size>
         <input_file_ref idref="fl-8"/>
      </object_component>
      <object_component id="oc-a6">
         <name>.text</name>
         <load_address>0x4528</load_address>
         <run_address>0x4528</run_address>
         <size>0x4fe</size>
         <input_file_ref idref="fl-4"/>
      </object_component>
      <object_component id="oc-be">
         <name>.text</name>
         <load_address>0x4a28</load_address>
         <run_address>0x4a28</run_address>
         <size>0x4c4</size>
         <input_file_ref idref="fl-e"/>
      </object_component>
      <object_component id="oc-32">
         <name>.text</name>
         <load_address>0x4eec</load_address>
         <run_address>0x4eec</run_address>
         <size>0x2b4</size>
         <input_file_ref idref="fl-9"/>
      </object_component>
      <object_component id="oc-b8">
         <name>.text</name>
         <load_address>0x51a0</load_address>
         <run_address>0x51a0</run_address>
         <size>0x1f0</size>
         <input_file_ref idref="fl-d"/>
      </object_component>
      <object_component id="oc-b2">
         <name>.text</name>
         <load_address>0x5390</load_address>
         <run_address>0x5390</run_address>
         <size>0x1c8</size>
         <input_file_ref idref="fl-10"/>
      </object_component>
      <object_component id="oc-1ac">
         <name>.text</name>
         <load_address>0x5558</load_address>
         <run_address>0x5558</run_address>
         <size>0x136</size>
         <input_file_ref idref="fl-ca"/>
      </object_component>
      <object_component id="oc-131">
         <name>.text</name>
         <load_address>0x568e</load_address>
         <run_address>0x568e</run_address>
         <size>0x12a</size>
         <input_file_ref idref="fl-5"/>
      </object_component>
      <object_component id="oc-1a7">
         <name>.text</name>
         <load_address>0x57b8</load_address>
         <run_address>0x57b8</run_address>
         <size>0xfc</size>
         <input_file_ref idref="fl-cb"/>
      </object_component>
      <object_component id="oc-2d">
         <name>.text</name>
         <load_address>0x58b4</load_address>
         <run_address>0x58b4</run_address>
         <size>0xda</size>
         <input_file_ref idref="fl-a"/>
      </object_component>
      <object_component id="oc-12b">
         <name>.text</name>
         <load_address>0x5990</load_address>
         <run_address>0x5990</run_address>
         <size>0xd0</size>
         <input_file_ref idref="fl-b"/>
      </object_component>
      <object_component id="oc-4c">
         <name>.text</name>
         <load_address>0x5a60</load_address>
         <run_address>0x5a60</run_address>
         <size>0x9c</size>
         <input_file_ref idref="fl-cd"/>
      </object_component>
      <object_component id="oc-257">
         <name>.text</name>
         <load_address>0x5afc</load_address>
         <run_address>0x5afc</run_address>
         <size>0x96</size>
         <input_file_ref idref="fl-d1"/>
      </object_component>
      <object_component id="oc-109">
         <name>.text</name>
         <load_address>0x5b92</load_address>
         <run_address>0x5b92</run_address>
         <size>0x7a</size>
         <input_file_ref idref="fl-cf"/>
      </object_component>
      <object_component id="oc-181">
         <name>.text</name>
         <load_address>0x5c0c</load_address>
         <run_address>0x5c0c</run_address>
         <size>0x6e</size>
         <input_file_ref idref="fl-d0"/>
      </object_component>
      <object_component id="oc-15">
         <name>.text:decompress:lzss:__TI_decompress_lzss</name>
         <load_address>0x5c7a</load_address>
         <run_address>0x5c7a</run_address>
         <size>0x68</size>
         <input_file_ref idref="fl-d4"/>
      </object_component>
      <object_component id="oc-ac">
         <name>.text</name>
         <load_address>0x5ce4</load_address>
         <run_address>0x5ce4</run_address>
         <size>0x54</size>
         <input_file_ref idref="fl-f"/>
      </object_component>
      <object_component id="oc-d1">
         <name>.text</name>
         <load_address>0x5d38</load_address>
         <run_address>0x5d38</run_address>
         <size>0x4c</size>
         <input_file_ref idref="fl-c"/>
      </object_component>
      <object_component id="oc-1b1">
         <name>.text</name>
         <load_address>0x5d84</load_address>
         <run_address>0x5d84</run_address>
         <size>0x48</size>
         <input_file_ref idref="fl-cc"/>
      </object_component>
      <object_component id="oc-1eb">
         <name>.text:__TI_auto_init_nobinit_nopinit:__TI_auto_init_nobinit_nopinit</name>
         <load_address>0x5dcc</load_address>
         <run_address>0x5dcc</run_address>
         <size>0x44</size>
         <input_file_ref idref="fl-d7"/>
      </object_component>
      <object_component id="oc-6a">
         <name>.text:_c_int00_noargs:_c_int00_noargs</name>
         <load_address>0x5e10</load_address>
         <run_address>0x5e10</run_address>
         <size>0x34</size>
         <input_file_ref idref="fl-d5"/>
      </object_component>
      <object_component id="oc-1a2">
         <name>.text</name>
         <load_address>0x5e44</load_address>
         <run_address>0x5e44</run_address>
         <size>0x20</size>
         <input_file_ref idref="fl-ce"/>
      </object_component>
      <object_component id="oc-1b">
         <name>.text:decompress:none:__TI_decompress_none</name>
         <load_address>0x5e64</load_address>
         <run_address>0x5e64</run_address>
         <size>0xe</size>
         <input_file_ref idref="fl-d3"/>
      </object_component>
      <object_component id="oc-5e">
         <name>.text:decompress:ZI:__TI_zero_init</name>
         <load_address>0x5e72</load_address>
         <run_address>0x5e72</run_address>
         <size>0xc</size>
         <input_file_ref idref="fl-d2"/>
      </object_component>
      <object_component id="oc-27">
         <name>.text</name>
         <load_address>0x5e7e</load_address>
         <run_address>0x5e7e</run_address>
         <size>0xc</size>
         <input_file_ref idref="fl-3"/>
      </object_component>
      <object_component id="oc-10f">
         <name>.text:_system_pre_init</name>
         <load_address>0x5e8a</load_address>
         <run_address>0x5e8a</run_address>
         <size>0x4</size>
         <input_file_ref idref="fl-d8"/>
      </object_component>
      <object_component id="oc-1df">
         <name>.text:abort:abort</name>
         <load_address>0x5e8e</load_address>
         <run_address>0x5e8e</run_address>
         <size>0x4</size>
         <input_file_ref idref="fl-da"/>
      </object_component>
      <object_component id="oc-82">
         <name>.const</name>
         <load_address>0x5e94</load_address>
         <run_address>0x5e94</run_address>
         <size>0x8</size>
         <input_file_ref idref="fl-9"/>
      </object_component>
      <object_component id="oc-13b">
         <name>.const</name>
         <load_address>0x5e9c</load_address>
         <run_address>0x5e9c</run_address>
         <size>0x4</size>
         <input_file_ref idref="fl-7"/>
      </object_component>
      <object_component id="oc-2f2">
         <name>.cinit..data.load</name>
         <load_address>0x5ea0</load_address>
         <run_address>0x5ea0</run_address>
         <size>0x18</size>
      </object_component>
      <object_component id="oc-2f0">
         <name>__TI_handler_table</name>
         <load_address>0x5eb8</load_address>
         <run_address>0x5eb8</run_address>
         <size>0xc</size>
      </object_component>
      <object_component id="oc-2f3">
         <name>.cinit..bss.load</name>
         <load_address>0x5ec8</load_address>
         <run_address>0x5ec8</run_address>
         <size>0x8</size>
      </object_component>
      <object_component id="oc-2f1">
         <name>__TI_cinit_table</name>
         <load_address>0x5ed0</load_address>
         <run_address>0x5ed0</run_address>
         <size>0x10</size>
      </object_component>
      <object_component id="oc-c9">
         <name>.data</name>
         <load_address>0x20002c10</load_address>
         <run_address>0x20002c10</run_address>
         <size>0x10</size>
         <input_file_ref idref="fl-2"/>
      </object_component>
      <object_component id="oc-7f">
         <name>.data</name>
         <load_address>0x20002be0</load_address>
         <run_address>0x20002be0</run_address>
         <size>0x30</size>
         <input_file_ref idref="fl-7"/>
      </object_component>
      <object_component id="oc-1b7">
         <name>.data</name>
         <load_address>0x20002c2c</load_address>
         <run_address>0x20002c2c</run_address>
         <size>0xc</size>
         <input_file_ref idref="fl-8"/>
      </object_component>
      <object_component id="oc-8c">
         <name>.data</name>
         <load_address>0x20002c20</load_address>
         <run_address>0x20002c20</run_address>
         <size>0xc</size>
         <input_file_ref idref="fl-9"/>
      </object_component>
      <object_component id="oc-22e">
         <name>.data</name>
         <load_address>0x20002c38</load_address>
         <run_address>0x20002c38</run_address>
         <size>0x8</size>
         <input_file_ref idref="fl-b"/>
      </object_component>
      <object_component id="oc-137">
         <name>.bss:pxReadyTasksLists</name>
         <uninitialized>true</uninitialized>
         <run_address>0x20002800</run_address>
         <size>0xb4</size>
         <input_file_ref idref="fl-7"/>
      </object_component>
      <object_component id="oc-145">
         <name>.bss:xDelayedTaskList1</name>
         <uninitialized>true</uninitialized>
         <run_address>0x20002954</run_address>
         <size>0x14</size>
         <input_file_ref idref="fl-7"/>
      </object_component>
      <object_component id="oc-148">
         <name>.bss:xDelayedTaskList2</name>
         <uninitialized>true</uninitialized>
         <run_address>0x20002968</run_address>
         <size>0x14</size>
         <input_file_ref idref="fl-7"/>
      </object_component>
      <object_component id="oc-141">
         <name>.bss</name>
         <uninitialized>true</uninitialized>
         <run_address>0x20002990</run_address>
         <size>0x8</size>
         <input_file_ref idref="fl-7"/>
      </object_component>
      <object_component id="oc-13e">
         <name>.bss:xPendingReadyList</name>
         <uninitialized>true</uninitialized>
         <run_address>0x2000297c</run_address>
         <size>0x14</size>
         <input_file_ref idref="fl-7"/>
      </object_component>
      <object_component id="oc-1bd">
         <name>.bss:xActiveTimerList1</name>
         <uninitialized>true</uninitialized>
         <run_address>0x2000292c</run_address>
         <size>0x14</size>
         <input_file_ref idref="fl-8"/>
      </object_component>
      <object_component id="oc-1c0">
         <name>.bss:xActiveTimerList2</name>
         <uninitialized>true</uninitialized>
         <run_address>0x20002940</run_address>
         <size>0x14</size>
         <input_file_ref idref="fl-8"/>
      </object_component>
      <object_component id="oc-1ba">
         <name>.bss</name>
         <uninitialized>true</uninitialized>
         <run_address>0x20002998</run_address>
         <size>0x8</size>
         <input_file_ref idref="fl-8"/>
      </object_component>
      <object_component id="oc-231">
         <name>.bss:ucHeap</name>
         <uninitialized>true</uninitialized>
         <run_address>0x20000000</run_address>
         <size>0x2800</size>
         <input_file_ref idref="fl-b"/>
      </object_component>
      <object_component id="oc-d9">
         <name>.common:g_driverData</name>
         <uninitialized>true</uninitialized>
         <run_address>0x200029d4</run_address>
         <size>0x3</size>
      </object_component>
      <object_component id="oc-d8">
         <name>.common:g_passengerData</name>
         <uninitialized>true</uninitialized>
         <run_address>0x200029d7</run_address>
         <size>0x3</size>
      </object_component>
      <object_component id="oc-da">
         <name>.common:failure</name>
         <uninitialized>true</uninitialized>
         <run_address>0x20002914</run_address>
         <size>0x18</size>
      </object_component>
      <object_component id="oc-144">
         <name>.common:ullTasksOutTime</name>
         <uninitialized>true</uninitialized>
         <run_address>0x200028f4</run_address>
         <size>0x20</size>
      </object_component>
      <object_component id="oc-13a">
         <name>.common:ullTasksInTime</name>
         <uninitialized>true</uninitialized>
         <run_address>0x200028d4</run_address>
         <size>0x20</size>
      </object_component>
      <object_component id="oc-db">
         <name>.common:ullTasksExecutionTime</name>
         <uninitialized>true</uninitialized>
         <run_address>0x200028b4</run_address>
         <size>0x20</size>
      </object_component>
      <object_component id="oc-16a">
         <name>.common:displayData_TimeAtTake</name>
         <uninitialized>true</uninitialized>
         <run_address>0x200029a8</run_address>
         <size>0x4</size>
      </object_component>
      <object_component id="oc-169">
         <name>.common:displayData_TimeAtGive</name>
         <uninitialized>true</uninitialized>
         <run_address>0x200029a4</run_address>
         <size>0x4</size>
      </object_component>
      <object_component id="oc-16c">
         <name>.common:runTimeMeasurements_TimeAtTake</name>
         <uninitialized>true</uninitialized>
         <run_address>0x200029bc</run_address>
         <size>0x4</size>
      </object_component>
      <object_component id="oc-16b">
         <name>.common:runTimeMeasurements_TimeAtGive</name>
         <uninitialized>true</uninitialized>
         <run_address>0x200029b8</run_address>
         <size>0x4</size>
      </object_component>
      <object_component id="oc-c4">
         <name>.common:uartMutex</name>
         <uninitialized>true</uninitialized>
         <run_address>0x200029cc</run_address>
         <size>0x4</size>
      </object_component>
      <object_component id="oc-d7">
         <name>.common:xEventGroup</name>
         <uninitialized>true</uninitialized>
         <run_address>0x200029d0</run_address>
         <size>0x4</size>
      </object_component>
      <object_component id="oc-c7">
         <name>.common:setHeatingLevelTaskHandle</name>
         <uninitialized>true</uninitialized>
         <run_address>0x200029c4</run_address>
         <size>0x4</size>
      </object_component>
      <object_component id="oc-c8">
         <name>.common:readTemperatureDriverTaskHandle</name>
         <uninitialized>true</uninitialized>
         <run_address>0x200029ac</run_address>
         <size>0x4</size>
      </object_component>
      <object_component id="oc-cc">
         <name>.common:readTemperaturePassengerTaskHandle</name>
         <uninitialized>true</uninitialized>
         <run_address>0x200029b0</run_address>
         <size>0x4</size>
      </object_component>
      <object_component id="oc-cd">
         <name>.common:setHeaterIntensityTaskHandle</name>
         <uninitialized>true</uninitialized>
         <run_address>0x200029c0</run_address>
         <size>0x4</size>
      </object_component>
      <object_component id="oc-ce">
         <name>.common:displayDataTaskHandle</name>
         <uninitialized>true</uninitialized>
         <run_address>0x200029a0</run_address>
         <size>0x4</size>
      </object_component>
      <object_component id="oc-cf">
         <name>.common:temperatureFailureHandlerTaskHandle</name>
         <uninitialized>true</uninitialized>
         <run_address>0x200029c8</run_address>
         <size>0x4</size>
      </object_component>
      <object_component id="oc-d0">
         <name>.common:runTimeMeasurementsTaskHandle</name>
         <uninitialized>true</uninitialized>
         <run_address>0x200029b4</run_address>
         <size>0x4</size>
      </object_component>
      <object_component id="oc-24">
         <name>.stack</name>
         <uninitialized>true</uninitialized>
         <run_address>0x200029e0</run_address>
         <size>0x4</size>
         <input_file_ref idref="fl-d5"/>
      </object_component>
      <object_component id="oc-2f5">
         <name>.stack</name>
         <uninitialized>true</uninitialized>
         <run_address>0x200029e0</run_address>
         <size>0x0</size>
      </object_component>
      <object_component id="oc-c5">
         <name>.debug_info</name>
         <load_address>0x0</load_address>
         <run_address>0x0</run_address>
         <size>0x11c0</size>
         <input_file_ref idref="fl-2"/>
      </object_component>
      <object_component id="oc-ca">
         <name>.debug_info</name>
         <load_address>0x11c0</load_address>
         <run_address>0x11c0</run_address>
         <size>0x2bb</size>
         <input_file_ref idref="fl-2"/>
      </object_component>
      <object_component id="oc-39">
         <name>.debug_info</name>
         <load_address>0x147b</load_address>
         <run_address>0x147b</run_address>
         <size>0x1735</size>
         <input_file_ref idref="fl-2"/>
      </object_component>
      <object_component id="oc-18c">
         <name>.debug_info</name>
         <load_address>0x2bb0</load_address>
         <run_address>0x2bb0</run_address>
         <size>0x13b</size>
         <input_file_ref idref="fl-2"/>
      </object_component>
      <object_component id="oc-155">
         <name>.debug_info</name>
         <load_address>0x2ceb</load_address>
         <run_address>0x2ceb</run_address>
         <size>0x30c</size>
         <input_file_ref idref="fl-2"/>
      </object_component>
      <object_component id="oc-ef">
         <name>.debug_info</name>
         <load_address>0x2ff7</load_address>
         <run_address>0x2ff7</run_address>
         <size>0x26b</size>
         <input_file_ref idref="fl-2"/>
      </object_component>
      <object_component id="oc-15f">
         <name>.debug_info</name>
         <load_address>0x3262</load_address>
         <run_address>0x3262</run_address>
         <size>0x3f8</size>
         <input_file_ref idref="fl-2"/>
      </object_component>
      <object_component id="oc-e3">
         <name>.debug_info</name>
         <load_address>0x365a</load_address>
         <run_address>0x365a</run_address>
         <size>0x42</size>
         <input_file_ref idref="fl-2"/>
      </object_component>
      <object_component id="oc-191">
         <name>.debug_info</name>
         <load_address>0x369c</load_address>
         <run_address>0x369c</run_address>
         <size>0x4f</size>
         <input_file_ref idref="fl-2"/>
      </object_component>
      <object_component id="oc-19b">
         <name>.debug_info</name>
         <load_address>0x36eb</load_address>
         <run_address>0x36eb</run_address>
         <size>0x2c</size>
         <input_file_ref idref="fl-2"/>
      </object_component>
      <object_component id="oc-47">
         <name>.debug_info</name>
         <load_address>0x3717</load_address>
         <run_address>0x3717</run_address>
         <size>0x84</size>
         <input_file_ref idref="fl-2"/>
      </object_component>
      <object_component id="oc-91">
         <name>.debug_info</name>
         <load_address>0x379b</load_address>
         <run_address>0x379b</run_address>
         <size>0x2c</size>
         <input_file_ref idref="fl-2"/>
      </object_component>
      <object_component id="oc-196">
         <name>.debug_info</name>
         <load_address>0x37c7</load_address>
         <run_address>0x37c7</run_address>
         <size>0x4f</size>
         <input_file_ref idref="fl-2"/>
      </object_component>
      <object_component id="oc-164">
         <name>.debug_info</name>
         <load_address>0x3816</load_address>
         <run_address>0x3816</run_address>
         <size>0x2a4</size>
         <input_file_ref idref="fl-2"/>
      </object_component>
      <object_component id="oc-9b">
         <name>.debug_info</name>
         <load_address>0x3aba</load_address>
         <run_address>0x3aba</run_address>
         <size>0xbb</size>
         <input_file_ref idref="fl-2"/>
      </object_component>
      <object_component id="oc-e8">
         <name>.debug_info</name>
         <load_address>0x3b75</load_address>
         <run_address>0x3b75</run_address>
         <size>0xae</size>
         <input_file_ref idref="fl-2"/>
      </object_component>
      <object_component id="oc-150">
         <name>.debug_info</name>
         <load_address>0x3c23</load_address>
         <run_address>0x3c23</run_address>
         <size>0x53</size>
         <input_file_ref idref="fl-2"/>
      </object_component>
      <object_component id="oc-96">
         <name>.debug_info</name>
         <load_address>0x3c76</load_address>
         <run_address>0x3c76</run_address>
         <size>0x53</size>
         <input_file_ref idref="fl-2"/>
      </object_component>
      <object_component id="oc-15a">
         <name>.debug_info</name>
         <load_address>0x3cc9</load_address>
         <run_address>0x3cc9</run_address>
         <size>0x14c</size>
         <input_file_ref idref="fl-2"/>
      </object_component>
      <object_component id="oc-40">
         <name>.debug_info</name>
         <load_address>0x3e15</load_address>
         <run_address>0x3e15</run_address>
         <size>0x3e4</size>
         <input_file_ref idref="fl-3"/>
      </object_component>
      <object_component id="oc-13">
         <name>.debug_info</name>
         <load_address>0x41f9</load_address>
         <run_address>0x41f9</run_address>
         <size>0x14f</size>
         <input_file_ref idref="fl-3"/>
      </object_component>
      <object_component id="oc-29">
         <name>.debug_info</name>
         <load_address>0x4348</load_address>
         <run_address>0x4348</run_address>
         <size>0x2cb</size>
         <input_file_ref idref="fl-3"/>
      </object_component>
      <object_component id="oc-17f">
         <name>.debug_info</name>
         <load_address>0x4613</load_address>
         <run_address>0x4613</run_address>
         <size>0x6ea</size>
         <input_file_ref idref="fl-4"/>
      </object_component>
      <object_component id="oc-a8">
         <name>.debug_info</name>
         <load_address>0x4cfd</load_address>
         <run_address>0x4cfd</run_address>
         <size>0x13f8</size>
         <input_file_ref idref="fl-4"/>
      </object_component>
      <object_component id="oc-174">
         <name>.debug_info</name>
         <load_address>0x60f5</load_address>
         <run_address>0x60f5</run_address>
         <size>0x110</size>
         <input_file_ref idref="fl-4"/>
      </object_component>
      <object_component id="oc-229">
         <name>.debug_info</name>
         <load_address>0x6205</load_address>
         <run_address>0x6205</run_address>
         <size>0x3f8</size>
         <input_file_ref idref="fl-4"/>
      </object_component>
      <object_component id="oc-24d">
         <name>.debug_info</name>
         <load_address>0x65fd</load_address>
         <run_address>0x65fd</run_address>
         <size>0x62</size>
         <input_file_ref idref="fl-4"/>
      </object_component>
      <object_component id="oc-17a">
         <name>.debug_info</name>
         <load_address>0x665f</load_address>
         <run_address>0x665f</run_address>
         <size>0x39</size>
         <input_file_ref idref="fl-4"/>
      </object_component>
      <object_component id="oc-237">
         <name>.debug_info</name>
         <load_address>0x6698</load_address>
         <run_address>0x6698</run_address>
         <size>0x3e8</size>
         <input_file_ref idref="fl-5"/>
      </object_component>
      <object_component id="oc-133">
         <name>.debug_info</name>
         <load_address>0x6a80</load_address>
         <run_address>0x6a80</run_address>
         <size>0x558</size>
         <input_file_ref idref="fl-5"/>
      </object_component>
      <object_component id="oc-173">
         <name>.debug_info</name>
         <load_address>0x6fd8</load_address>
         <run_address>0x6fd8</run_address>
         <size>0xb1b</size>
         <input_file_ref idref="fl-6"/>
      </object_component>
      <object_component id="oc-a1">
         <name>.debug_info</name>
         <load_address>0x7af3</load_address>
         <run_address>0x7af3</run_address>
         <size>0x32e4</size>
         <input_file_ref idref="fl-6"/>
      </object_component>
      <object_component id="oc-246">
         <name>.debug_info</name>
         <load_address>0xadd7</load_address>
         <run_address>0xadd7</run_address>
         <size>0x1c7</size>
         <input_file_ref idref="fl-6"/>
      </object_component>
      <object_component id="oc-16e">
         <name>.debug_info</name>
         <load_address>0xaf9e</load_address>
         <run_address>0xaf9e</run_address>
         <size>0x46</size>
         <input_file_ref idref="fl-6"/>
      </object_component>
      <object_component id="oc-21f">
         <name>.debug_info</name>
         <load_address>0xafe4</load_address>
         <run_address>0xafe4</run_address>
         <size>0x35</size>
         <input_file_ref idref="fl-6"/>
      </object_component>
      <object_component id="oc-123">
         <name>.debug_info</name>
         <load_address>0xb019</load_address>
         <run_address>0xb019</run_address>
         <size>0x8c3</size>
         <input_file_ref idref="fl-7"/>
      </object_component>
      <object_component id="oc-80">
         <name>.debug_info</name>
         <load_address>0xb8dc</load_address>
         <run_address>0xb8dc</run_address>
         <size>0x364</size>
         <input_file_ref idref="fl-7"/>
      </object_component>
      <object_component id="oc-138">
         <name>.debug_info</name>
         <load_address>0xbc40</load_address>
         <run_address>0xbc40</run_address>
         <size>0x156</size>
         <input_file_ref idref="fl-7"/>
      </object_component>
      <object_component id="oc-146">
         <name>.debug_info</name>
         <load_address>0xbd96</load_address>
         <run_address>0xbd96</run_address>
         <size>0x156</size>
         <input_file_ref idref="fl-7"/>
      </object_component>
      <object_component id="oc-149">
         <name>.debug_info</name>
         <load_address>0xbeec</load_address>
         <run_address>0xbeec</run_address>
         <size>0x156</size>
         <input_file_ref idref="fl-7"/>
      </object_component>
      <object_component id="oc-142">
         <name>.debug_info</name>
         <load_address>0xc042</load_address>
         <run_address>0xc042</run_address>
         <size>0x199</size>
         <input_file_ref idref="fl-7"/>
      </object_component>
      <object_component id="oc-13f">
         <name>.debug_info</name>
         <load_address>0xc1db</load_address>
         <run_address>0xc1db</run_address>
         <size>0x156</size>
         <input_file_ref idref="fl-7"/>
      </object_component>
      <object_component id="oc-13c">
         <name>.debug_info</name>
         <load_address>0xc331</load_address>
         <run_address>0xc331</run_address>
         <size>0x157</size>
         <input_file_ref idref="fl-7"/>
      </object_component>
      <object_component id="oc-88">
         <name>.debug_info</name>
         <load_address>0xc488</load_address>
         <run_address>0xc488</run_address>
         <size>0x4426</size>
         <input_file_ref idref="fl-7"/>
      </object_component>
      <object_component id="oc-124">
         <name>.debug_info</name>
         <load_address>0x108ae</load_address>
         <run_address>0x108ae</run_address>
         <size>0x303</size>
         <input_file_ref idref="fl-7"/>
      </object_component>
      <object_component id="oc-224">
         <name>.debug_info</name>
         <load_address>0x10bb1</load_address>
         <run_address>0x10bb1</run_address>
         <size>0x130</size>
         <input_file_ref idref="fl-7"/>
      </object_component>
      <object_component id="oc-1c9">
         <name>.debug_info</name>
         <load_address>0x10ce1</load_address>
         <run_address>0x10ce1</run_address>
         <size>0x899</size>
         <input_file_ref idref="fl-8"/>
      </object_component>
      <object_component id="oc-1be">
         <name>.debug_info</name>
         <load_address>0x1157a</load_address>
         <run_address>0x1157a</run_address>
         <size>0x156</size>
         <input_file_ref idref="fl-8"/>
      </object_component>
      <object_component id="oc-1c1">
         <name>.debug_info</name>
         <load_address>0x116d0</load_address>
         <run_address>0x116d0</run_address>
         <size>0x156</size>
         <input_file_ref idref="fl-8"/>
      </object_component>
      <object_component id="oc-1bb">
         <name>.debug_info</name>
         <load_address>0x11826</load_address>
         <run_address>0x11826</run_address>
         <size>0x18e</size>
         <input_file_ref idref="fl-8"/>
      </object_component>
      <object_component id="oc-1b8">
         <name>.debug_info</name>
         <load_address>0x119b4</load_address>
         <run_address>0x119b4</run_address>
         <size>0x17a</size>
         <input_file_ref idref="fl-8"/>
      </object_component>
      <object_component id="oc-de">
         <name>.debug_info</name>
         <load_address>0x11b2e</load_address>
         <run_address>0x11b2e</run_address>
         <size>0x2411</size>
         <input_file_ref idref="fl-8"/>
      </object_component>
      <object_component id="oc-1ca">
         <name>.debug_info</name>
         <load_address>0x13f3f</load_address>
         <run_address>0x13f3f</run_address>
         <size>0x1ce</size>
         <input_file_ref idref="fl-8"/>
      </object_component>
      <object_component id="oc-1c4">
         <name>.debug_info</name>
         <load_address>0x1410d</load_address>
         <run_address>0x1410d</run_address>
         <size>0x46</size>
         <input_file_ref idref="fl-8"/>
      </object_component>
      <object_component id="oc-90">
         <name>.debug_info</name>
         <load_address>0x14153</load_address>
         <run_address>0x14153</run_address>
         <size>0x4cf</size>
         <input_file_ref idref="fl-9"/>
      </object_component>
      <object_component id="oc-83">
         <name>.debug_info</name>
         <load_address>0x14622</load_address>
         <run_address>0x14622</run_address>
         <size>0x1cb</size>
         <input_file_ref idref="fl-9"/>
      </object_component>
      <object_component id="oc-8d">
         <name>.debug_info</name>
         <load_address>0x147ed</load_address>
         <run_address>0x147ed</run_address>
         <size>0x1d6</size>
         <input_file_ref idref="fl-9"/>
      </object_component>
      <object_component id="oc-34">
         <name>.debug_info</name>
         <load_address>0x149c3</load_address>
         <run_address>0x149c3</run_address>
         <size>0x962</size>
         <input_file_ref idref="fl-9"/>
      </object_component>
      <object_component id="oc-30">
         <name>.debug_info</name>
         <load_address>0x15325</load_address>
         <run_address>0x15325</run_address>
         <size>0x2b8</size>
         <input_file_ref idref="fl-a"/>
      </object_component>
      <object_component id="oc-235">
         <name>.debug_info</name>
         <load_address>0x155dd</load_address>
         <run_address>0x155dd</run_address>
         <size>0x481</size>
         <input_file_ref idref="fl-b"/>
      </object_component>
      <object_component id="oc-232">
         <name>.debug_info</name>
         <load_address>0x15a5e</load_address>
         <run_address>0x15a5e</run_address>
         <size>0x151</size>
         <input_file_ref idref="fl-b"/>
      </object_component>
      <object_component id="oc-22f">
         <name>.debug_info</name>
         <load_address>0x15baf</load_address>
         <run_address>0x15baf</run_address>
         <size>0x15f</size>
         <input_file_ref idref="fl-b"/>
      </object_component>
      <object_component id="oc-12c">
         <name>.debug_info</name>
         <load_address>0x15d0e</load_address>
         <run_address>0x15d0e</run_address>
         <size>0x46f</size>
         <input_file_ref idref="fl-b"/>
      </object_component>
      <object_component id="oc-d2">
         <name>.debug_info</name>
         <load_address>0x1617d</load_address>
         <run_address>0x1617d</run_address>
         <size>0x272</size>
         <input_file_ref idref="fl-c"/>
      </object_component>
      <object_component id="oc-bc">
         <name>.debug_info</name>
         <load_address>0x163ef</load_address>
         <run_address>0x163ef</run_address>
         <size>0x225</size>
         <input_file_ref idref="fl-d"/>
      </object_component>
      <object_component id="oc-c2">
         <name>.debug_info</name>
         <load_address>0x16614</load_address>
         <run_address>0x16614</run_address>
         <size>0xd32</size>
         <input_file_ref idref="fl-e"/>
      </object_component>
      <object_component id="oc-b0">
         <name>.debug_info</name>
         <load_address>0x17346</load_address>
         <run_address>0x17346</run_address>
         <size>0x1f6</size>
         <input_file_ref idref="fl-f"/>
      </object_component>
      <object_component id="oc-187">
         <name>.debug_info</name>
         <load_address>0x1753c</load_address>
         <run_address>0x1753c</run_address>
         <size>0x2d0</size>
         <input_file_ref idref="fl-10"/>
      </object_component>
      <object_component id="oc-b4">
         <name>.debug_info</name>
         <load_address>0x1780c</load_address>
         <run_address>0x1780c</run_address>
         <size>0x4d0</size>
         <input_file_ref idref="fl-10"/>
      </object_component>
      <object_component id="oc-1ad">
         <name>.debug_info</name>
         <load_address>0x17cdc</load_address>
         <run_address>0x17cdc</run_address>
         <size>0x13a</size>
         <input_file_ref idref="fl-ca"/>
      </object_component>
      <object_component id="oc-1a9">
         <name>.debug_info</name>
         <load_address>0x17e16</load_address>
         <run_address>0x17e16</run_address>
         <size>0x13a</size>
         <input_file_ref idref="fl-cb"/>
      </object_component>
      <object_component id="oc-1b4">
         <name>.debug_info</name>
         <load_address>0x17f50</load_address>
         <run_address>0x17f50</run_address>
         <size>0x12e</size>
         <input_file_ref idref="fl-cc"/>
      </object_component>
      <object_component id="oc-4e">
         <name>.debug_info</name>
         <load_address>0x1807e</load_address>
         <run_address>0x1807e</run_address>
         <size>0x119</size>
         <input_file_ref idref="fl-cd"/>
      </object_component>
      <object_component id="oc-1a5">
         <name>.debug_info</name>
         <load_address>0x18197</load_address>
         <run_address>0x18197</run_address>
         <size>0x12e</size>
         <input_file_ref idref="fl-ce"/>
      </object_component>
      <object_component id="oc-10b">
         <name>.debug_info</name>
         <load_address>0x182c5</load_address>
         <run_address>0x182c5</run_address>
         <size>0x147</size>
         <input_file_ref idref="fl-cf"/>
      </object_component>
      <object_component id="oc-183">
         <name>.debug_info</name>
         <load_address>0x1840c</load_address>
         <run_address>0x1840c</run_address>
         <size>0x13f</size>
         <input_file_ref idref="fl-d0"/>
      </object_component>
      <object_component id="oc-258">
         <name>.debug_info</name>
         <load_address>0x1854b</load_address>
         <run_address>0x1854b</run_address>
         <size>0x134</size>
         <input_file_ref idref="fl-d1"/>
      </object_component>
      <object_component id="oc-108">
         <name>.debug_info</name>
         <load_address>0x1867f</load_address>
         <run_address>0x1867f</run_address>
         <size>0x2d4</size>
         <input_file_ref idref="fl-d2"/>
      </object_component>
      <object_component id="oc-62">
         <name>.debug_info</name>
         <load_address>0x18953</load_address>
         <run_address>0x18953</run_address>
         <size>0x1b5</size>
         <input_file_ref idref="fl-d2"/>
      </object_component>
      <object_component id="oc-103">
         <name>.debug_info</name>
         <load_address>0x18b08</load_address>
         <run_address>0x18b08</run_address>
         <size>0x46</size>
         <input_file_ref idref="fl-d2"/>
      </object_component>
      <object_component id="oc-1d6">
         <name>.debug_info</name>
         <load_address>0x18b4e</load_address>
         <run_address>0x18b4e</run_address>
         <size>0x2c</size>
         <input_file_ref idref="fl-d2"/>
      </object_component>
      <object_component id="oc-57">
         <name>.debug_info</name>
         <load_address>0x18b7a</load_address>
         <run_address>0x18b7a</run_address>
         <size>0x2a8</size>
         <input_file_ref idref="fl-d3"/>
      </object_component>
      <object_component id="oc-1e">
         <name>.debug_info</name>
         <load_address>0x18e22</load_address>
         <run_address>0x18e22</run_address>
         <size>0x1ea</size>
         <input_file_ref idref="fl-d3"/>
      </object_component>
      <object_component id="oc-52">
         <name>.debug_info</name>
         <load_address>0x1900c</load_address>
         <run_address>0x1900c</run_address>
         <size>0x46</size>
         <input_file_ref idref="fl-d3"/>
      </object_component>
      <object_component id="oc-fb">
         <name>.debug_info</name>
         <load_address>0x19052</load_address>
         <run_address>0x19052</run_address>
         <size>0x2c</size>
         <input_file_ref idref="fl-d3"/>
      </object_component>
      <object_component id="oc-f9">
         <name>.debug_info</name>
         <load_address>0x1907e</load_address>
         <run_address>0x1907e</run_address>
         <size>0x29e</size>
         <input_file_ref idref="fl-d4"/>
      </object_component>
      <object_component id="oc-19">
         <name>.debug_info</name>
         <load_address>0x1931c</load_address>
         <run_address>0x1931c</run_address>
         <size>0x250</size>
         <input_file_ref idref="fl-d4"/>
      </object_component>
      <object_component id="oc-42">
         <name>.debug_info</name>
         <load_address>0x1956c</load_address>
         <run_address>0x1956c</run_address>
         <size>0x60</size>
         <input_file_ref idref="fl-d4"/>
      </object_component>
      <object_component id="oc-1cf">
         <name>.debug_info</name>
         <load_address>0x195cc</load_address>
         <run_address>0x195cc</run_address>
         <size>0x46</size>
         <input_file_ref idref="fl-d4"/>
      </object_component>
      <object_component id="oc-f4">
         <name>.debug_info</name>
         <load_address>0x19612</load_address>
         <run_address>0x19612</run_address>
         <size>0x39</size>
         <input_file_ref idref="fl-d4"/>
      </object_component>
      <object_component id="oc-25">
         <name>.debug_info</name>
         <load_address>0x1964b</load_address>
         <run_address>0x1964b</run_address>
         <size>0x10b</size>
         <input_file_ref idref="fl-d5"/>
      </object_component>
      <object_component id="oc-6e">
         <name>.debug_info</name>
         <load_address>0x19756</load_address>
         <run_address>0x19756</run_address>
         <size>0x1a9</size>
         <input_file_ref idref="fl-d5"/>
      </object_component>
      <object_component id="oc-255">
         <name>.debug_info</name>
         <load_address>0x198ff</load_address>
         <run_address>0x198ff</run_address>
         <size>0x115</size>
         <input_file_ref idref="fl-d6"/>
      </object_component>
      <object_component id="oc-278">
         <name>.debug_info</name>
         <load_address>0x19a14</load_address>
         <run_address>0x19a14</run_address>
         <size>0x4b3</size>
         <input_file_ref idref="fl-d7"/>
      </object_component>
      <object_component id="oc-1ed">
         <name>.debug_info</name>
         <load_address>0x19ec7</load_address>
         <run_address>0x19ec7</run_address>
         <size>0x1a6</size>
         <input_file_ref idref="fl-d7"/>
      </object_component>
      <object_component id="oc-2a7">
         <name>.debug_info</name>
         <load_address>0x1a06d</load_address>
         <run_address>0x1a06d</run_address>
         <size>0x39</size>
         <input_file_ref idref="fl-d7"/>
      </object_component>
      <object_component id="oc-2bb">
         <name>.debug_info</name>
         <load_address>0x1a0a6</load_address>
         <run_address>0x1a0a6</run_address>
         <size>0x39</size>
         <input_file_ref idref="fl-d7"/>
      </object_component>
      <object_component id="oc-2ac">
         <name>.debug_info</name>
         <load_address>0x1a0df</load_address>
         <run_address>0x1a0df</run_address>
         <size>0x39</size>
         <input_file_ref idref="fl-d7"/>
      </object_component>
      <object_component id="oc-2b1">
         <name>.debug_info</name>
         <load_address>0x1a118</load_address>
         <run_address>0x1a118</run_address>
         <size>0xcd</size>
         <input_file_ref idref="fl-d7"/>
      </object_component>
      <object_component id="oc-113">
         <name>.debug_info</name>
         <load_address>0x1a1e5</load_address>
         <run_address>0x1a1e5</run_address>
         <size>0x153</size>
         <input_file_ref idref="fl-d8"/>
      </object_component>
      <object_component id="oc-1e0">
         <name>.debug_info</name>
         <load_address>0x1a338</load_address>
         <run_address>0x1a338</run_address>
         <size>0x122</size>
         <input_file_ref idref="fl-da"/>
      </object_component>
      <object_component id="oc-2f6">
         <name>.debug_info</name>
         <load_address>0x1a45a</load_address>
         <run_address>0x1a45a</run_address>
         <size>0x102</size>
      </object_component>
      <object_component id="oc-18b">
         <name>.debug_line</name>
         <load_address>0x0</load_address>
         <run_address>0x0</run_address>
         <size>0x624</size>
         <input_file_ref idref="fl-2"/>
      </object_component>
      <object_component id="oc-1a1">
         <name>.debug_line</name>
         <load_address>0x624</load_address>
         <run_address>0x624</run_address>
         <size>0x2d</size>
         <input_file_ref idref="fl-2"/>
      </object_component>
      <object_component id="oc-3c">
         <name>.debug_line</name>
         <load_address>0x651</load_address>
         <run_address>0x651</run_address>
         <size>0x2cd</size>
         <input_file_ref idref="fl-2"/>
      </object_component>
      <object_component id="oc-18f">
         <name>.debug_line</name>
         <load_address>0x91e</load_address>
         <run_address>0x91e</run_address>
         <size>0x2d</size>
         <input_file_ref idref="fl-2"/>
      </object_component>
      <object_component id="oc-158">
         <name>.debug_line</name>
         <load_address>0x94b</load_address>
         <run_address>0x94b</run_address>
         <size>0xd0</size>
         <input_file_ref idref="fl-2"/>
      </object_component>
      <object_component id="oc-f2">
         <name>.debug_line</name>
         <load_address>0xa1b</load_address>
         <run_address>0xa1b</run_address>
         <size>0x6f</size>
         <input_file_ref idref="fl-2"/>
      </object_component>
      <object_component id="oc-162">
         <name>.debug_line</name>
         <load_address>0xa8a</load_address>
         <run_address>0xa8a</run_address>
         <size>0xd4</size>
         <input_file_ref idref="fl-2"/>
      </object_component>
      <object_component id="oc-e6">
         <name>.debug_line</name>
         <load_address>0xb5e</load_address>
         <run_address>0xb5e</run_address>
         <size>0xd8</size>
         <input_file_ref idref="fl-2"/>
      </object_component>
      <object_component id="oc-194">
         <name>.debug_line</name>
         <load_address>0xc36</load_address>
         <run_address>0xc36</run_address>
         <size>0xd1</size>
         <input_file_ref idref="fl-2"/>
      </object_component>
      <object_component id="oc-19e">
         <name>.debug_line</name>
         <load_address>0xd07</load_address>
         <run_address>0xd07</run_address>
         <size>0xd2</size>
         <input_file_ref idref="fl-2"/>
      </object_component>
      <object_component id="oc-4a">
         <name>.debug_line</name>
         <load_address>0xdd9</load_address>
         <run_address>0xdd9</run_address>
         <size>0x20</size>
         <input_file_ref idref="fl-2"/>
      </object_component>
      <object_component id="oc-94">
         <name>.debug_line</name>
         <load_address>0xdf9</load_address>
         <run_address>0xdf9</run_address>
         <size>0xd4</size>
         <input_file_ref idref="fl-2"/>
      </object_component>
      <object_component id="oc-199">
         <name>.debug_line</name>
         <load_address>0xecd</load_address>
         <run_address>0xecd</run_address>
         <size>0xd2</size>
         <input_file_ref idref="fl-2"/>
      </object_component>
      <object_component id="oc-167">
         <name>.debug_line</name>
         <load_address>0xf9f</load_address>
         <run_address>0xf9f</run_address>
         <size>0x73</size>
         <input_file_ref idref="fl-2"/>
      </object_component>
      <object_component id="oc-9e">
         <name>.debug_line</name>
         <load_address>0x1012</load_address>
         <run_address>0x1012</run_address>
         <size>0x70</size>
         <input_file_ref idref="fl-2"/>
      </object_component>
      <object_component id="oc-eb">
         <name>.debug_line</name>
         <load_address>0x1082</load_address>
         <run_address>0x1082</run_address>
         <size>0xc4</size>
         <input_file_ref idref="fl-2"/>
      </object_component>
      <object_component id="oc-153">
         <name>.debug_line</name>
         <load_address>0x1146</load_address>
         <run_address>0x1146</run_address>
         <size>0x6b</size>
         <input_file_ref idref="fl-2"/>
      </object_component>
      <object_component id="oc-99">
         <name>.debug_line</name>
         <load_address>0x11b1</load_address>
         <run_address>0x11b1</run_address>
         <size>0xe3</size>
         <input_file_ref idref="fl-2"/>
      </object_component>
      <object_component id="oc-15d">
         <name>.debug_line</name>
         <load_address>0x1294</load_address>
         <run_address>0x1294</run_address>
         <size>0xd0</size>
         <input_file_ref idref="fl-2"/>
      </object_component>
      <object_component id="oc-ee">
         <name>.debug_line</name>
         <load_address>0x1364</load_address>
         <run_address>0x1364</run_address>
         <size>0x41</size>
         <input_file_ref idref="fl-3"/>
      </object_component>
      <object_component id="oc-3f">
         <name>.debug_line</name>
         <load_address>0x13a5</load_address>
         <run_address>0x13a5</run_address>
         <size>0x41</size>
         <input_file_ref idref="fl-3"/>
      </object_component>
      <object_component id="oc-2c">
         <name>.debug_line</name>
         <load_address>0x13e6</load_address>
         <run_address>0x13e6</run_address>
         <size>0xa1</size>
         <input_file_ref idref="fl-3"/>
      </object_component>
      <object_component id="oc-24c">
         <name>.debug_line</name>
         <load_address>0x1487</load_address>
         <run_address>0x1487</run_address>
         <size>0x2f7</size>
         <input_file_ref idref="fl-4"/>
      </object_component>
      <object_component id="oc-ab">
         <name>.debug_line</name>
         <load_address>0x177e</load_address>
         <run_address>0x177e</run_address>
         <size>0x2f0</size>
         <input_file_ref idref="fl-4"/>
      </object_component>
      <object_component id="oc-177">
         <name>.debug_line</name>
         <load_address>0x1a6e</load_address>
         <run_address>0x1a6e</run_address>
         <size>0x6b</size>
         <input_file_ref idref="fl-4"/>
      </object_component>
      <object_component id="oc-22c">
         <name>.debug_line</name>
         <load_address>0x1ad9</load_address>
         <run_address>0x1ad9</run_address>
         <size>0xd4</size>
         <input_file_ref idref="fl-4"/>
      </object_component>
      <object_component id="oc-250">
         <name>.debug_line</name>
         <load_address>0x1bad</load_address>
         <run_address>0x1bad</run_address>
         <size>0x45</size>
         <input_file_ref idref="fl-4"/>
      </object_component>
      <object_component id="oc-17d">
         <name>.debug_line</name>
         <load_address>0x1bf2</load_address>
         <run_address>0x1bf2</run_address>
         <size>0xd8</size>
         <input_file_ref idref="fl-4"/>
      </object_component>
      <object_component id="oc-294">
         <name>.debug_line</name>
         <load_address>0x1cca</load_address>
         <run_address>0x1cca</run_address>
         <size>0x20</size>
         <input_file_ref idref="fl-5"/>
      </object_component>
      <object_component id="oc-132">
         <name>.debug_line</name>
         <load_address>0x1cea</load_address>
         <run_address>0x1cea</run_address>
         <size>0xf0</size>
         <input_file_ref idref="fl-5"/>
      </object_component>
      <object_component id="oc-245">
         <name>.debug_line</name>
         <load_address>0x1dda</load_address>
         <run_address>0x1dda</run_address>
         <size>0x399</size>
         <input_file_ref idref="fl-6"/>
      </object_component>
      <object_component id="oc-a4">
         <name>.debug_line</name>
         <load_address>0x2173</load_address>
         <run_address>0x2173</run_address>
         <size>0x77e</size>
         <input_file_ref idref="fl-6"/>
      </object_component>
      <object_component id="oc-249">
         <name>.debug_line</name>
         <load_address>0x28f1</load_address>
         <run_address>0x28f1</run_address>
         <size>0x3e</size>
         <input_file_ref idref="fl-6"/>
      </object_component>
      <object_component id="oc-171">
         <name>.debug_line</name>
         <load_address>0x292f</load_address>
         <run_address>0x292f</run_address>
         <size>0xd1</size>
         <input_file_ref idref="fl-6"/>
      </object_component>
      <object_component id="oc-222">
         <name>.debug_line</name>
         <load_address>0x2a00</load_address>
         <run_address>0x2a00</run_address>
         <size>0x74</size>
         <input_file_ref idref="fl-6"/>
      </object_component>
      <object_component id="oc-21e">
         <name>.debug_line</name>
         <load_address>0x2a74</load_address>
         <run_address>0x2a74</run_address>
         <size>0x488</size>
         <input_file_ref idref="fl-7"/>
      </object_component>
      <object_component id="oc-122">
         <name>.debug_line</name>
         <load_address>0x2efc</load_address>
         <run_address>0x2efc</run_address>
         <size>0x3e</size>
         <input_file_ref idref="fl-7"/>
      </object_component>
      <object_component id="oc-239">
         <name>.debug_line</name>
         <load_address>0x2f3a</load_address>
         <run_address>0x2f3a</run_address>
         <size>0x3e</size>
         <input_file_ref idref="fl-7"/>
      </object_component>
      <object_component id="oc-241">
         <name>.debug_line</name>
         <load_address>0x2f78</load_address>
         <run_address>0x2f78</run_address>
         <size>0x3e</size>
         <input_file_ref idref="fl-7"/>
      </object_component>
      <object_component id="oc-243">
         <name>.debug_line</name>
         <load_address>0x2fb6</load_address>
         <run_address>0x2fb6</run_address>
         <size>0x3e</size>
         <input_file_ref idref="fl-7"/>
      </object_component>
      <object_component id="oc-23f">
         <name>.debug_line</name>
         <load_address>0x2ff4</load_address>
         <run_address>0x2ff4</run_address>
         <size>0x3e</size>
         <input_file_ref idref="fl-7"/>
      </object_component>
      <object_component id="oc-23d">
         <name>.debug_line</name>
         <load_address>0x3032</load_address>
         <run_address>0x3032</run_address>
         <size>0x3e</size>
         <input_file_ref idref="fl-7"/>
      </object_component>
      <object_component id="oc-23b">
         <name>.debug_line</name>
         <load_address>0x3070</load_address>
         <run_address>0x3070</run_address>
         <size>0x3e</size>
         <input_file_ref idref="fl-7"/>
      </object_component>
      <object_component id="oc-87">
         <name>.debug_line</name>
         <load_address>0x30ae</load_address>
         <run_address>0x30ae</run_address>
         <size>0xa79</size>
         <input_file_ref idref="fl-7"/>
      </object_component>
      <object_component id="oc-127">
         <name>.debug_line</name>
         <load_address>0x3b27</load_address>
         <run_address>0x3b27</run_address>
         <size>0xd0</size>
         <input_file_ref idref="fl-7"/>
      </object_component>
      <object_component id="oc-227">
         <name>.debug_line</name>
         <load_address>0x3bf7</load_address>
         <run_address>0x3bf7</run_address>
         <size>0x3e</size>
         <input_file_ref idref="fl-7"/>
      </object_component>
      <object_component id="oc-26c">
         <name>.debug_line</name>
         <load_address>0x3c35</load_address>
         <run_address>0x3c35</run_address>
         <size>0x3a8</size>
         <input_file_ref idref="fl-8"/>
      </object_component>
      <object_component id="oc-268">
         <name>.debug_line</name>
         <load_address>0x3fdd</load_address>
         <run_address>0x3fdd</run_address>
         <size>0x3f</size>
         <input_file_ref idref="fl-8"/>
      </object_component>
      <object_component id="oc-26a">
         <name>.debug_line</name>
         <load_address>0x401c</load_address>
         <run_address>0x401c</run_address>
         <size>0x3f</size>
         <input_file_ref idref="fl-8"/>
      </object_component>
      <object_component id="oc-266">
         <name>.debug_line</name>
         <load_address>0x405b</load_address>
         <run_address>0x405b</run_address>
         <size>0x3f</size>
         <input_file_ref idref="fl-8"/>
      </object_component>
      <object_component id="oc-264">
         <name>.debug_line</name>
         <load_address>0x409a</load_address>
         <run_address>0x409a</run_address>
         <size>0x3f</size>
         <input_file_ref idref="fl-8"/>
      </object_component>
      <object_component id="oc-dd">
         <name>.debug_line</name>
         <load_address>0x40d9</load_address>
         <run_address>0x40d9</run_address>
         <size>0x4d8</size>
         <input_file_ref idref="fl-8"/>
      </object_component>
      <object_component id="oc-1cd">
         <name>.debug_line</name>
         <load_address>0x45b1</load_address>
         <run_address>0x45b1</run_address>
         <size>0x3f</size>
         <input_file_ref idref="fl-8"/>
      </object_component>
      <object_component id="oc-1c7">
         <name>.debug_line</name>
         <load_address>0x45f0</load_address>
         <run_address>0x45f0</run_address>
         <size>0xd2</size>
         <input_file_ref idref="fl-8"/>
      </object_component>
      <object_component id="oc-14f">
         <name>.debug_line</name>
         <load_address>0x46c2</load_address>
         <run_address>0x46c2</run_address>
         <size>0x103</size>
         <input_file_ref idref="fl-9"/>
      </object_component>
      <object_component id="oc-12a">
         <name>.debug_line</name>
         <load_address>0x47c5</load_address>
         <run_address>0x47c5</run_address>
         <size>0x53</size>
         <input_file_ref idref="fl-9"/>
      </object_component>
      <object_component id="oc-14d">
         <name>.debug_line</name>
         <load_address>0x4818</load_address>
         <run_address>0x4818</run_address>
         <size>0x53</size>
         <input_file_ref idref="fl-9"/>
      </object_component>
      <object_component id="oc-37">
         <name>.debug_line</name>
         <load_address>0x486b</load_address>
         <run_address>0x486b</run_address>
         <size>0x192</size>
         <input_file_ref idref="fl-9"/>
      </object_component>
      <object_component id="oc-2f">
         <name>.debug_line</name>
         <load_address>0x49fd</load_address>
         <run_address>0x49fd</run_address>
         <size>0xe8</size>
         <input_file_ref idref="fl-a"/>
      </object_component>
      <object_component id="oc-292">
         <name>.debug_line</name>
         <load_address>0x4ae5</load_address>
         <run_address>0x4ae5</run_address>
         <size>0xd0</size>
         <input_file_ref idref="fl-b"/>
      </object_component>
      <object_component id="oc-290">
         <name>.debug_line</name>
         <load_address>0x4bb5</load_address>
         <run_address>0x4bb5</run_address>
         <size>0x50</size>
         <input_file_ref idref="fl-b"/>
      </object_component>
      <object_component id="oc-28e">
         <name>.debug_line</name>
         <load_address>0x4c05</load_address>
         <run_address>0x4c05</run_address>
         <size>0x50</size>
         <input_file_ref idref="fl-b"/>
      </object_component>
      <object_component id="oc-130">
         <name>.debug_line</name>
         <load_address>0x4c55</load_address>
         <run_address>0x4c55</run_address>
         <size>0xd5</size>
         <input_file_ref idref="fl-b"/>
      </object_component>
      <object_component id="oc-d5">
         <name>.debug_line</name>
         <load_address>0x4d2a</load_address>
         <run_address>0x4d2a</run_address>
         <size>0x57</size>
         <input_file_ref idref="fl-c"/>
      </object_component>
      <object_component id="oc-b9">
         <name>.debug_line</name>
         <load_address>0x4d81</load_address>
         <run_address>0x4d81</run_address>
         <size>0xa6</size>
         <input_file_ref idref="fl-d"/>
      </object_component>
      <object_component id="oc-c1">
         <name>.debug_line</name>
         <load_address>0x4e27</load_address>
         <run_address>0x4e27</run_address>
         <size>0x36c</size>
         <input_file_ref idref="fl-e"/>
      </object_component>
      <object_component id="oc-ad">
         <name>.debug_line</name>
         <load_address>0x5193</load_address>
         <run_address>0x5193</run_address>
         <size>0x69</size>
         <input_file_ref idref="fl-f"/>
      </object_component>
      <object_component id="oc-25e">
         <name>.debug_line</name>
         <load_address>0x51fc</load_address>
         <run_address>0x51fc</run_address>
         <size>0x20</size>
         <input_file_ref idref="fl-10"/>
      </object_component>
      <object_component id="oc-b3">
         <name>.debug_line</name>
         <load_address>0x521c</load_address>
         <run_address>0x521c</run_address>
         <size>0x11e</size>
         <input_file_ref idref="fl-10"/>
      </object_component>
      <object_component id="oc-1b0">
         <name>.debug_line</name>
         <load_address>0x533a</load_address>
         <run_address>0x533a</run_address>
         <size>0xa8</size>
         <input_file_ref idref="fl-ca"/>
      </object_component>
      <object_component id="oc-1ab">
         <name>.debug_line</name>
         <load_address>0x53e2</load_address>
         <run_address>0x53e2</run_address>
         <size>0x8e</size>
         <input_file_ref idref="fl-cb"/>
      </object_component>
      <object_component id="oc-1b2">
         <name>.debug_line</name>
         <load_address>0x5470</load_address>
         <run_address>0x5470</run_address>
         <size>0x5a</size>
         <input_file_ref idref="fl-cc"/>
      </object_component>
      <object_component id="oc-4d">
         <name>.debug_line</name>
         <load_address>0x54ca</load_address>
         <run_address>0x54ca</run_address>
         <size>0x88</size>
         <input_file_ref idref="fl-cd"/>
      </object_component>
      <object_component id="oc-1a3">
         <name>.debug_line</name>
         <load_address>0x5552</load_address>
         <run_address>0x5552</run_address>
         <size>0x4c</size>
         <input_file_ref idref="fl-ce"/>
      </object_component>
      <object_component id="oc-10a">
         <name>.debug_line</name>
         <load_address>0x559e</load_address>
         <run_address>0x559e</run_address>
         <size>0x79</size>
         <input_file_ref idref="fl-cf"/>
      </object_component>
      <object_component id="oc-182">
         <name>.debug_line</name>
         <load_address>0x5617</load_address>
         <run_address>0x5617</run_address>
         <size>0x68</size>
         <input_file_ref idref="fl-d0"/>
      </object_component>
      <object_component id="oc-25b">
         <name>.debug_line</name>
         <load_address>0x567f</load_address>
         <run_address>0x567f</run_address>
         <size>0x81</size>
         <input_file_ref idref="fl-d1"/>
      </object_component>
      <object_component id="oc-1dc">
         <name>.debug_line</name>
         <load_address>0x5700</load_address>
         <run_address>0x5700</run_address>
         <size>0x92</size>
         <input_file_ref idref="fl-d2"/>
      </object_component>
      <object_component id="oc-60">
         <name>.debug_line</name>
         <load_address>0x5792</load_address>
         <run_address>0x5792</run_address>
         <size>0x53</size>
         <input_file_ref idref="fl-d2"/>
      </object_component>
      <object_component id="oc-106">
         <name>.debug_line</name>
         <load_address>0x57e5</load_address>
         <run_address>0x57e5</run_address>
         <size>0x34</size>
         <input_file_ref idref="fl-d2"/>
      </object_component>
      <object_component id="oc-1d9">
         <name>.debug_line</name>
         <load_address>0x5819</load_address>
         <run_address>0x5819</run_address>
         <size>0x92</size>
         <input_file_ref idref="fl-d2"/>
      </object_component>
      <object_component id="oc-101">
         <name>.debug_line</name>
         <load_address>0x58ab</load_address>
         <run_address>0x58ab</run_address>
         <size>0x20</size>
         <input_file_ref idref="fl-d3"/>
      </object_component>
      <object_component id="oc-1d">
         <name>.debug_line</name>
         <load_address>0x58cb</load_address>
         <run_address>0x58cb</run_address>
         <size>0x55</size>
         <input_file_ref idref="fl-d3"/>
      </object_component>
      <object_component id="oc-55">
         <name>.debug_line</name>
         <load_address>0x5920</load_address>
         <run_address>0x5920</run_address>
         <size>0x3a</size>
         <input_file_ref idref="fl-d3"/>
      </object_component>
      <object_component id="oc-fe">
         <name>.debug_line</name>
         <load_address>0x595a</load_address>
         <run_address>0x595a</run_address>
         <size>0x92</size>
         <input_file_ref idref="fl-d3"/>
      </object_component>
      <object_component id="oc-1d5">
         <name>.debug_line</name>
         <load_address>0x59ec</load_address>
         <run_address>0x59ec</run_address>
         <size>0x20</size>
         <input_file_ref idref="fl-d4"/>
      </object_component>
      <object_component id="oc-16">
         <name>.debug_line</name>
         <load_address>0x5a0c</load_address>
         <run_address>0x5a0c</run_address>
         <size>0xa9</size>
         <input_file_ref idref="fl-d4"/>
      </object_component>
      <object_component id="oc-45">
         <name>.debug_line</name>
         <load_address>0x5ab5</load_address>
         <run_address>0x5ab5</run_address>
         <size>0x3a</size>
         <input_file_ref idref="fl-d4"/>
      </object_component>
      <object_component id="oc-1d2">
         <name>.debug_line</name>
         <load_address>0x5aef</load_address>
         <run_address>0x5aef</run_address>
         <size>0x9a</size>
         <input_file_ref idref="fl-d4"/>
      </object_component>
      <object_component id="oc-f7">
         <name>.debug_line</name>
         <load_address>0x5b89</load_address>
         <run_address>0x5b89</run_address>
         <size>0x96</size>
         <input_file_ref idref="fl-d4"/>
      </object_component>
      <object_component id="oc-7d">
         <name>.debug_line</name>
         <load_address>0x5c1f</load_address>
         <run_address>0x5c1f</run_address>
         <size>0x33</size>
         <input_file_ref idref="fl-d5"/>
      </object_component>
      <object_component id="oc-6d">
         <name>.debug_line</name>
         <load_address>0x5c52</load_address>
         <run_address>0x5c52</run_address>
         <size>0x45</size>
         <input_file_ref idref="fl-d5"/>
      </object_component>
      <object_component id="oc-254">
         <name>.debug_line</name>
         <load_address>0x5c97</load_address>
         <run_address>0x5c97</run_address>
         <size>0x37</size>
         <input_file_ref idref="fl-d6"/>
      </object_component>
      <object_component id="oc-2a6">
         <name>.debug_line</name>
         <load_address>0x5cce</load_address>
         <run_address>0x5cce</run_address>
         <size>0xbf</size>
         <input_file_ref idref="fl-d7"/>
      </object_component>
      <object_component id="oc-1ec">
         <name>.debug_line</name>
         <load_address>0x5d8d</load_address>
         <run_address>0x5d8d</run_address>
         <size>0x6f</size>
         <input_file_ref idref="fl-d7"/>
      </object_component>
      <object_component id="oc-2aa">
         <name>.debug_line</name>
         <load_address>0x5dfc</load_address>
         <run_address>0x5dfc</run_address>
         <size>0x2e</size>
         <input_file_ref idref="fl-d7"/>
      </object_component>
      <object_component id="oc-2be">
         <name>.debug_line</name>
         <load_address>0x5e2a</load_address>
         <run_address>0x5e2a</run_address>
         <size>0x9a</size>
         <input_file_ref idref="fl-d7"/>
      </object_component>
      <object_component id="oc-2af">
         <name>.debug_line</name>
         <load_address>0x5ec4</load_address>
         <run_address>0x5ec4</run_address>
         <size>0x97</size>
         <input_file_ref idref="fl-d7"/>
      </object_component>
      <object_component id="oc-2b4">
         <name>.debug_line</name>
         <load_address>0x5f5b</load_address>
         <run_address>0x5f5b</run_address>
         <size>0x93</size>
         <input_file_ref idref="fl-d7"/>
      </object_component>
      <object_component id="oc-112">
         <name>.debug_line</name>
         <load_address>0x5fee</load_address>
         <run_address>0x5fee</run_address>
         <size>0x40</size>
         <input_file_ref idref="fl-d8"/>
      </object_component>
      <object_component id="oc-1e3">
         <name>.debug_line</name>
         <load_address>0x602e</load_address>
         <run_address>0x602e</run_address>
         <size>0x3c</size>
         <input_file_ref idref="fl-da"/>
      </object_component>
      <object_component id="oc-3d">
         <name>.debug_frame</name>
         <load_address>0x0</load_address>
         <run_address>0x0</run_address>
         <size>0x158</size>
         <input_file_ref idref="fl-2"/>
      </object_component>
      <object_component id="oc-28">
         <name>.debug_frame</name>
         <load_address>0x158</load_address>
         <run_address>0x158</run_address>
         <size>0x90</size>
         <input_file_ref idref="fl-3"/>
      </object_component>
      <object_component id="oc-a7">
         <name>.debug_frame</name>
         <load_address>0x1e8</load_address>
         <run_address>0x1e8</run_address>
         <size>0x158</size>
         <input_file_ref idref="fl-4"/>
      </object_component>
      <object_component id="oc-136">
         <name>.debug_frame</name>
         <load_address>0x340</load_address>
         <run_address>0x340</run_address>
         <size>0xb8</size>
         <input_file_ref idref="fl-5"/>
      </object_component>
      <object_component id="oc-a5">
         <name>.debug_frame</name>
         <load_address>0x3f8</load_address>
         <run_address>0x3f8</run_address>
         <size>0x334</size>
         <input_file_ref idref="fl-6"/>
      </object_component>
      <object_component id="oc-8a">
         <name>.debug_frame</name>
         <load_address>0x72c</load_address>
         <run_address>0x72c</run_address>
         <size>0x568</size>
         <input_file_ref idref="fl-7"/>
      </object_component>
      <object_component id="oc-e1">
         <name>.debug_frame</name>
         <load_address>0xc94</load_address>
         <run_address>0xc94</run_address>
         <size>0x2fc</size>
         <input_file_ref idref="fl-8"/>
      </object_component>
      <object_component id="oc-33">
         <name>.debug_frame</name>
         <load_address>0xf90</load_address>
         <run_address>0xf90</run_address>
         <size>0x110</size>
         <input_file_ref idref="fl-9"/>
      </object_component>
      <object_component id="oc-12f">
         <name>.debug_frame</name>
         <load_address>0x10a0</load_address>
         <run_address>0x10a0</run_address>
         <size>0xa0</size>
         <input_file_ref idref="fl-b"/>
      </object_component>
      <object_component id="oc-d6">
         <name>.debug_frame</name>
         <load_address>0x1140</load_address>
         <run_address>0x1140</run_address>
         <size>0x5c</size>
[...]
         <object_component_ref idref="oc-85"/>
      </symbol>
      <symbol id="sm-587">
         <name>uxTaskGetNumberOfTasks</name>
         <value>0x891</value>
         <object_component_ref idref="oc-85"/>
      </symbol>
      <symbol id="sm-588">
         <name>xTaskCatchUpTicks</name>
         <value>0x8e1</value>
         <object_component_ref idref="oc-85"/>
      </symbol>
      <symbol id="sm-589">
         <name>xTaskGenericNotifyFromISR</name>
         <value>0x1a07</value>
         <object_component_ref idref="oc-85"/>
      </symbol>
      <symbol id="sm-58a">
         <name>xTaskResumeAll</name>
         <value>0x6c9</value>
         <object_component_ref idref="oc-85"/>
      </symbol>
      <symbol id="sm-58b">
         <name>vTaskSetApplicationTaskTag</name>
         <value>0xb29</value>
         <object_component_ref idref="oc-85"/>
      </symbol>
      <symbol id="sm-58c">
         <name>xTaskGetTickCount</name>
         <value>0x86d</value>
         <object_component_ref idref="oc-85"/>
      </symbol>
      <symbol id="sm-58d">
         <name>ulTaskGenericNotifyTake</name>
         <value>0x167d</value>
         <object_component_ref idref="oc-85"/>
      </symbol>
      <symbol id="sm-58e">
         <name>xTaskGetApplicationTaskTag</name>
         <value>0xb4f</value>
         <object_component_ref idref="oc-85"/>
      </symbol>
      <symbol id="sm-58f">
         <name>xTaskCallApplicationTaskHook</name>
         <value>0xbb3</value>
         <object_component_ref idref="oc-85"/>
      </symbol>
      <symbol id="sm-590">
         <name>ulTaskGenericNotifyValueClear</name>
         <value>0x1e75</value>
         <object_component_ref idref="oc-85"/>
      </symbol>
      <symbol id="sm-591">
         <name>xTaskGenericNotifyWait</name>
         <value>0x1739</value>
         <object_component_ref idref="oc-85"/>
      </symbol>
      <symbol id="sm-592">
         <name>pxCurrentTCB</name>
         <value>0x20002be0</value>
         <object_component_ref idref="oc-7f"/>
      </symbol>
      <symbol id="sm-593">
         <name>xTaskGetTickCountFromISR</name>
         <value>0x87d</value>
         <object_component_ref idref="oc-85"/>
      </symbol>
      <symbol id="sm-594">
         <name>uxTopUsedPriority</name>
         <value>0x5e9c</value>
         <object_component_ref idref="oc-13b"/>
      </symbol>
      <symbol id="sm-595">
         <name>vTaskPlaceOnEventListRestricted</name>
         <value>0xda5</value>
         <object_component_ref idref="oc-85"/>
      </symbol>
      <symbol id="sm-596">
         <name>vTaskSetTimeOutState</name>
         <value>0x10cb</value>
         <object_component_ref idref="oc-85"/>
      </symbol>
      <symbol id="sm-597">
         <name>xTaskIncrementTick</name>
         <value>0x94d</value>
         <object_component_ref idref="oc-85"/>
      </symbol>
      <symbol id="sm-598">
         <name>vTaskSwitchContext</name>
         <value>0xbfd</value>
         <object_component_ref idref="oc-85"/>
      </symbol>
      <symbol id="sm-599">
         <name>uxTaskResetEventItemValue</name>
         <value>0x163f</value>
         <object_component_ref idref="oc-85"/>
      </symbol>
      <symbol id="sm-59a">
         <name>xTaskGetSchedulerState</name>
         <value>0x1281</value>
         <object_component_ref idref="oc-85"/>
      </symbol>
      <symbol id="sm-59b">
         <name>xTaskGetCurrentTaskHandle</name>
         <value>0x1271</value>
         <object_component_ref idref="oc-85"/>
      </symbol>
      <symbol id="sm-59c">
         <name>vTaskPlaceOnUnorderedEventList</name>
         <value>0xd05</value>
         <object_component_ref idref="oc-85"/>
      </symbol>
      <symbol id="sm-59d">
         <name>xTaskRemoveFromEventList</name>
         <value>0xe25</value>
         <object_component_ref idref="oc-85"/>
      </symbol>
      <symbol id="sm-59e">
         <name>xTaskPriorityInherit</name>
         <value>0x12b1</value>
         <object_component_ref idref="oc-85"/>
      </symbol>
      <symbol id="sm-665">
         <name>xTimerGetTimerDaemonTaskHandle</name>
         <value>0x3ec9</value>
         <object_component_ref idref="oc-dc"/>
      </symbol>
      <symbol id="sm-666">
         <name>pcTimerGetName</name>
         <value>0x3fd1</value>
         <object_component_ref idref="oc-dc"/>
      </symbol>
      <symbol id="sm-667">
         <name>xTimerCreateTimerTask</name>
         <value>0x3d6d</value>
         <object_component_ref idref="oc-dc"/>
      </symbol>
      <symbol id="sm-668">
         <name>xTimerGetExpiryTime</name>
         <value>0x3fa3</value>
         <object_component_ref idref="oc-dc"/>
      </symbol>
      <symbol id="sm-669">
         <name>xTimerIsTimerActive</name>
         <value>0x43f9</value>
         <object_component_ref idref="oc-dc"/>
      </symbol>
      <symbol id="sm-66a">
         <name>xTimerGetPeriod</name>
         <value>0x3eeb</value>
         <object_component_ref idref="oc-dc"/>
      </symbol>
      <symbol id="sm-66b">
         <name>xTimerGetReloadMode</name>
         <value>0x3f5b</value>
         <object_component_ref idref="oc-dc"/>
      </symbol>
      <symbol id="sm-66c">
         <name>xTimerCreate</name>
         <value>0x3dab</value>
         <object_component_ref idref="oc-dc"/>
      </symbol>
      <symbol id="sm-66d">
         <name>vTimerSetReloadMode</name>
         <value>0x3f11</value>
         <object_component_ref idref="oc-dc"/>
      </symbol>
      <symbol id="sm-66e">
         <name>xTimerGenericCommand</name>
         <value>0x3e49</value>
         <object_component_ref idref="oc-dc"/>
      </symbol>
      <symbol id="sm-66f">
         <name>uxTimerGetReloadMode</name>
         <value>0x3f97</value>
         <object_component_ref idref="oc-dc"/>
      </symbol>
      <symbol id="sm-670">
         <name>pvTimerGetTimerID</name>
         <value>0x4435</value>
         <object_component_ref idref="oc-dc"/>
      </symbol>
      <symbol id="sm-671">
         <name>xTimerPendFunctionCallFromISR</name>
         <value>0x4491</value>
         <object_component_ref idref="oc-dc"/>
      </symbol>
      <symbol id="sm-672">
         <name>xTimerPendFunctionCall</name>
         <value>0x44c7</value>
         <object_component_ref idref="oc-dc"/>
      </symbol>
      <symbol id="sm-673">
         <name>vTimerSetTimerID</name>
         <value>0x4463</value>
         <object_component_ref idref="oc-dc"/>
      </symbol>
      <symbol id="sm-6c4">
         <name>ulMaxSyscallInterruptPriority</name>
         <value>0x5e94</value>
         <object_component_ref idref="oc-82"/>
      </symbol>
      <symbol id="sm-6c5">
         <name>vPortSetupTimerInterrupt</name>
         <value>0x50e9</value>
         <object_component_ref idref="oc-32"/>
      </symbol>
      <symbol id="sm-6c6">
         <name>vPortEndScheduler</name>
         <value>0x5031</value>
         <object_component_ref idref="oc-32"/>
      </symbol>
      <symbol id="sm-6c7">
         <name>xPortSysTickHandler</name>
         <value>0x50c3</value>
         <object_component_ref idref="oc-32"/>
      </symbol>
      <symbol id="sm-6c8">
         <name>vPortValidateInterruptPriority</name>
         <value>0x5103</value>
         <object_component_ref idref="oc-32"/>
      </symbol>
      <symbol id="sm-6c9">
         <name>pxPortInitialiseStack</name>
         <value>0x4eed</value>
         <object_component_ref idref="oc-32"/>
      </symbol>
      <symbol id="sm-6ca">
         <name>vPortExitCritical</name>
         <value>0x5097</value>
         <object_component_ref idref="oc-32"/>
      </symbol>
      <symbol id="sm-6cb">
         <name>xPortStartScheduler</name>
         <value>0x4f79</value>
         <object_component_ref idref="oc-32"/>
      </symbol>
      <symbol id="sm-6cc">
         <name>vPortEnterCritical</name>
         <value>0x5055</value>
         <object_component_ref idref="oc-32"/>
      </symbol>
      <symbol id="sm-6db">
         <name>vPortStartFirstTask</name>
         <value>0x595d</value>
         <object_component_ref idref="oc-2d"/>
      </symbol>
      <symbol id="sm-6dc">
         <name>ulPortGetIPSR</name>
         <value>0x58c5</value>
         <object_component_ref idref="oc-2d"/>
      </symbol>
      <symbol id="sm-6dd">
         <name>vPortEnableVFP</name>
         <value>0x5981</value>
         <object_component_ref idref="oc-2d"/>
      </symbol>
      <symbol id="sm-6de">
         <name>xPortPendSVHandler</name>
         <value>0x58dd</value>
         <object_component_ref idref="oc-2d"/>
      </symbol>
      <symbol id="sm-6df">
         <name>vPortSVCHandler</name>
         <value>0x593d</value>
         <object_component_ref idref="oc-2d"/>
      </symbol>
      <symbol id="sm-709">
         <name>vPortInitialiseBlocks</name>
         <value>0x5a41</value>
         <object_component_ref idref="oc-12b"/>
      </symbol>
      <symbol id="sm-70a">
         <name>xPortGetFreeHeapSize</name>
         <value>0x5a49</value>
         <object_component_ref idref="oc-12b"/>
      </symbol>
      <symbol id="sm-70b">
         <name>pvPortMalloc</name>
         <value>0x5991</value>
         <object_component_ref idref="oc-12b"/>
      </symbol>
      <symbol id="sm-70c">
         <name>vPortFree</name>
         <value>0x5a1d</value>
         <object_component_ref idref="oc-12b"/>
      </symbol>
      <symbol id="sm-719">
         <name>LM35_getTemperature</name>
         <value>0x5d39</value>
         <object_component_ref idref="oc-d1"/>
      </symbol>
      <symbol id="sm-746">
         <name>ADC_Init</name>
         <value>0x51a1</value>
         <object_component_ref idref="oc-b8"/>
      </symbol>
      <symbol id="sm-747">
         <name>ADC_Read</name>
         <value>0x52b1</value>
         <object_component_ref idref="oc-b8"/>
      </symbol>
      <symbol id="sm-79f">
         <name>GPIO_SW1GetState</name>
         <value>0x4d07</value>
         <object_component_ref idref="oc-be"/>
      </symbol>
      <symbol id="sm-7a0">
         <name>GPIO_GreenLedOn</name>
         <value>0x4c53</value>
         <object_component_ref idref="oc-be"/>
      </symbol>
      <symbol id="sm-7a1">
         <name>GPIO_PassengerGreenLedOff</name>
         <value>0x4cfb</value>
         <object_component_ref idref="oc-be"/>
      </symbol>
      <symbol id="sm-7a2">
         <name>GPIO_PassengerRedLedOff</name>
         <value>0x4ccb</value>
         <object_component_ref idref="oc-be"/>
      </symbol>
      <symbol id="sm-7a3">
         <name>GPIO_PassengerBlueLedOff</name>
         <value>0x4ce3</value>
         <object_component_ref idref="oc-be"/>
      </symbol>
      <symbol id="sm-7a4">
         <name>GPIO_BlueLedToggle</name>
         <value>0x4c8f</value>
         <object_component_ref idref="oc-be"/>
      </symbol>
      <symbol id="sm-7a5">
         <name>GPIO_ExternalSWInit</name>
         <value>0x4a9d</value>
         <object_component_ref idref="oc-be"/>
      </symbol>
      <symbol id="sm-7a6">
         <name>GPIO_SW2GetState</name>
         <value>0x4d11</value>
         <object_component_ref idref="oc-be"/>
      </symbol>
      <symbol id="sm-7a7">
         <name>GPIO_SW2EdgeTriggeredInterruptInit</name>
         <value>0x4d69</value>
         <object_component_ref idref="oc-be"/>
      </symbol>
      <symbol id="sm-7a8">
         <name>GPIO_BuiltinButtonsLedsInit</name>
         <value>0x4a29</value>
         <object_component_ref idref="oc-be"/>
      </symbol>
      <symbol id="sm-7a9">
         <name>GPIO_DriverRedLedOn</name>
         <value>0x4ca7</value>
         <object_component_ref idref="oc-be"/>
      </symbol>
      <symbol id="sm-7aa">
         <name>GPIO_DriverRedLedOff</name>
         <value>0x4cb3</value>
         <object_component_ref idref="oc-be"/>
      </symbol>
      <symbol id="sm-7ab">
         <name>GPIO_PassengerRedLedOn</name>
         <value>0x4cbf</value>
         <object_component_ref idref="oc-be"/>
      </symbol>
      <symbol id="sm-7ac">
         <name>GPIO_PassengerBlueLedOn</name>
         <value>0x4cd7</value>
         <object_component_ref idref="oc-be"/>
      </symbol>
      <symbol id="sm-7ad">
         <name>GPIO_RedLedToggle</name>
         <value>0x4c83</value>
         <object_component_ref idref="oc-be"/>
      </symbol>
      <symbol id="sm-7ae">
         <name>GPIO_BlueLedOff</name>
         <value>0x4c6b</value>
         <object_component_ref idref="oc-be"/>
      </symbol>
      <symbol id="sm-7af">
         <name>GPIO_SW1EdgeTriggeredInterruptInit</name>
         <value>0x4d1b</value>
         <object_component_ref idref="oc-be"/>
      </symbol>
      <symbol id="sm-7b0">
         <name>GPIO_GreenLedOff</name>
         <value>0x4c77</value>
         <object_component_ref idref="oc-be"/>
      </symbol>
      <symbol id="sm-7b1">
         <name>GPIO_ExternalSWEdgeTriggeredInterruptInit</name>
         <value>0x4ded</value>
         <object_component_ref idref="oc-be"/>
      </symbol>
      <symbol id="sm-7b2">
         <name>GPIO_GreenLedToggle</name>
         <value>0x4c9b</value>
         <object_component_ref idref="oc-be"/>
      </symbol>
      <symbol id="sm-7b3">
         <name>GPIO_RedLedOff</name>
         <value>0x4c5f</value>
         <object_component_ref idref="oc-be"/>
      </symbol>
      <symbol id="sm-7b4">
         <name>GPIO_PassengerGreenLedOn</name>
         <value>0x4cef</value>
         <object_component_ref idref="oc-be"/>
      </symbol>
      <symbol id="sm-7b5">
         <name>GPIO_BlueLedOn</name>
         <value>0x4c47</value>
         <object_component_ref idref="oc-be"/>
      </symbol>
      <symbol id="sm-7b6">
         <name>GPIO_ExternalLEDInit</name>
         <value>0x4b41</value>
         <object_component_ref idref="oc-be"/>
      </symbol>
      <symbol id="sm-7b7">
         <name>GPIO_RedLedOn</name>
         <value>0x4c3b</value>
         <object_component_ref idref="oc-be"/>
      </symbol>
      <symbol id="sm-7c9">
         <name>GPTM_WTimer0Init</name>
         <value>0x5ce5</value>
         <object_component_ref idref="oc-ac"/>
      </symbol>
      <symbol id="sm-7ca">
         <name>GPTM_WTimer0Read</name>
         <value>0x5d15</value>
         <object_component_ref idref="oc-ac"/>
      </symbol>
      <symbol id="sm-7f8">
         <name>UART0_SendInteger</name>
         <value>0x5479</value>
         <object_component_ref idref="oc-b2"/>
      </symbol>
      <symbol id="sm-7f9">
         <name>UART0_ReceiveByte</name>
         <value>0x5443</value>
         <object_component_ref idref="oc-b2"/>
      </symbol>
      <symbol id="sm-7fa">
         <name>UART0_SendByte</name>
         <value>0x5427</value>
         <object_component_ref idref="oc-b2"/>
      </symbol>
      <symbol id="sm-7fb">
         <name>UART0_Init</name>
         <value>0x53e7</value>
         <object_component_ref idref="oc-b2"/>
      </symbol>
      <symbol id="sm-7fc">
         <name>UART0_SendString</name>
         <value>0x5453</value>
         <object_component_ref idref="oc-b2"/>
      </symbol>
      <symbol id="sm-810">
         <name>__aeabi_ddiv</name>
         <value>0x5559</value>
         <object_component_ref idref="oc-1ac"/>
      </symbol>
      <symbol id="sm-81b">
         <name>__aeabi_dmul</name>
         <value>0x57b9</value>
         <object_component_ref idref="oc-1a7"/>
      </symbol>
      <symbol id="sm-825">
         <name>__aeabi_d2iz</name>
         <value>0x5d85</value>
         <object_component_ref idref="oc-1b1"/>
      </symbol>
      <symbol id="sm-840">
         <name>memcpy</name>
         <value>0x5a61</value>
         <object_component_ref idref="oc-4c"/>
      </symbol>
      <symbol id="sm-841">
         <name>__aeabi_memcpy</name>
         <value>0x5a61</value>
         <object_component_ref idref="oc-4c"/>
      </symbol>
      <symbol id="sm-842">
         <name>__aeabi_memcpy8</name>
         <value>0x5a61</value>
         <object_component_ref idref="oc-4c"/>
      </symbol>
      <symbol id="sm-843">
         <name>__aeabi_memcpy4</name>
         <value>0x5a61</value>
         <object_component_ref idref="oc-4c"/>
      </symbol>
      <symbol id="sm-84d">
         <name>__aeabi_ui2d</name>
         <value>0x5e45</value>
         <object_component_ref idref="oc-1a2"/>
      </symbol>
      <symbol id="sm-85c">
         <name>__aeabi_memset</name>
         <value>0x5b95</value>
         <object_component_ref idref="oc-109"/>
      </symbol>
      <symbol id="sm-85d">
         <name>memset</name>
         <value>0x5b9b</value>
         <object_component_ref idref="oc-109"/>
      </symbol>
      <symbol id="sm-85e">
         <name>__aeabi_memset8</name>
         <value>0x5b95</value>
         <object_component_ref idref="oc-109"/>
      </symbol>
      <symbol id="sm-85f">
         <name>__aeabi_memset4</name>
         <value>0x5b95</value>
         <object_component_ref idref="oc-109"/>
      </symbol>
      <symbol id="sm-860">
         <name>__aeabi_memclr8</name>
         <value>0x5b93</value>
         <object_component_ref idref="oc-109"/>
      </symbol>
      <symbol id="sm-861">
         <name>__aeabi_memclr4</name>
         <value>0x5b93</value>
         <object_component_ref idref="oc-109"/>
      </symbol>
      <symbol id="sm-862">
         <name>__aeabi_memclr</name>
         <value>0x5b93</value>
         <object_component_ref idref="oc-109"/>
      </symbol>
      <symbol id="sm-870">
         <name>__aeabi_ldivmod</name>
         <value>0x5c0d</value>
         <object_component_ref idref="oc-181"/>
      </symbol>
      <symbol id="sm-87d">
         <name>__aeabi_uldivmod</name>
         <value>0x5afd</value>
         <object_component_ref idref="oc-257"/>
      </symbol>
      <symbol id="sm-894">
         <name>__TI_zero_init</name>
         <value>0x5e73</value>
         <object_component_ref idref="oc-5e"/>
      </symbol>
      <symbol id="sm-8ab">
         <name>__TI_decompress_none</name>
         <value>0x5e65</value>
         <object_component_ref idref="oc-1b"/>
      </symbol>
      <symbol id="sm-8ce">
         <name>__TI_decompress_lzss</name>
         <value>0x5c7b</value>
         <object_component_ref idref="oc-15"/>
      </symbol>
      <symbol id="sm-8e1">
         <name>__stack</name>
         <value>0x200029e0</value>
         <object_component_ref idref="oc-24"/>
      </symbol>
      <symbol id="sm-8e2">
         <name>_c_int00_noargs</name>
         <value>0x5e11</value>
         <object_component_ref idref="oc-6a"/>
      </symbol>
      <symbol id="sm-8ec">
         <name>__aeabi_idiv0</name>
         <value>0x302f</value>
         <object_component_ref idref="oc-252"/>
      </symbol>
      <symbol id="sm-8ed">
         <name>__aeabi_ldiv0</name>
         <value>0x302f</value>
         <object_component_ref idref="oc-252"/>
      </symbol>
      <symbol id="sm-915">
         <name>__TI_auto_init_nobinit_nopinit</name>
         <value>0x5dcd</value>
         <object_component_ref idref="oc-1eb"/>
      </symbol>
      <symbol id="sm-91f">
         <name>_system_pre_init</name>
         <value>0x5e8b</value>
         <object_component_ref idref="oc-10f"/>
      </symbol>
      <symbol id="sm-92b">
         <name>C$$EXIT</name>
         <value>0x5e8f</value>
         <object_component_ref idref="oc-1df"/>
      </symbol>
      <symbol id="sm-92c">
         <name>abort</name>
         <value>0x5e8f</value>
         <object_component_ref idref="oc-1df"/>
      </symbol>
      <symbol id="sm-92f">
         <name>__TI_static_base__</name>
         <value>0x0</value>
      </symbol>
      <symbol id="sm-932">
         <name>__mpu_init</name>
         <value>0x0</value>
      </symbol>
      <symbol id="sm-933">
         <name>_system_post_cinit</name>
         <value>0x0</value>
      </symbol>
   </symbol_table>
   <title>Link successful</title>
</link_info>
